src/components/GetConsultation.tsx(14,23): error TS2307: Cannot find module 'sonner@2.0.3' or its corresponding type declarations.
src/components/GetConsultation.tsx(134,17): error TS2345: Argument of type '(prev: { name: string; email: string; phone: string; location: string; propertyType: string; serviceType: string; projectBudget: string; timeframe: string; currentEnergyBill: string; propertySize: string; specificNeeds: never[]; additionalInfo: string; preferredContactMethod: string; agreesToTerms: boolean; }) => { ...' is not assignable to parameter of type 'SetStateAction<{ name: string; email: string; phone: string; location: string; propertyType: string; serviceType: string; projectBudget: string; timeframe: string; currentEnergyBill: string; propertySize: string; specificNeeds: never[]; additionalInfo: string; preferredContactMethod: string; agreesToTerms: boolean; }>'.
  Type '(prev: { name: string; email: string; phone: string; location: string; propertyType: string; serviceType: string; projectBudget: string; timeframe: string; currentEnergyBill: string; propertySize: string; specificNeeds: never[]; additionalInfo: string; preferredContactMethod: string; agreesToTerms: boolean; }) => { ...' is not assignable to type '(prevState: { name: string; email: string; phone: string; location: string; propertyType: string; serviceType: string; projectBudget: string; timeframe: string; currentEnergyBill: string; propertySize: string; specificNeeds: never[]; additionalInfo: string; preferredContactMethod: string; agreesToTerms: boolean; }) ...'.
    Call signature return types '{ specificNeeds: string[]; name: string; email: string; phone: string; location: string; propertyType: string; serviceType: string; projectBudget: string; timeframe: string; currentEnergyBill: string; propertySize: string; additionalInfo: string; preferredContactMethod: string; agreesToTerms: boolean; }' and '{ name: string; email: string; phone: string; location: string; propertyType: string; serviceType: string; projectBudget: string; timeframe: string; currentEnergyBill: string; propertySize: string; specificNeeds: never[]; additionalInfo: string; preferredContactMethod: string; agreesToTerms: boolean; }' are incompatible.
      The types of 'specificNeeds' are incompatible between these types.
        Type 'string[]' is not assignable to type 'never[]'.
          Type 'string' is not assignable to type 'never'.
src/components/GetConsultation.tsx(483,70): error TS2345: Argument of type 'string' is not assignable to parameter of type 'never'.
src/components/ui/context-menu.tsx(144,6): error TS2375: Type '{ children: (Element | ReactNode)[]; slot?: string | undefined; style?: CSSProperties | undefined; title?: string | undefined; asChild?: boolean; key?: Key | ... 1 more ... | undefined; ... 264 more ...; checked: CheckedState | undefined; }' is not assignable to type 'ContextMenuCheckboxItemProps' with 'exactOptionalPropertyTypes: true'. Consider adding 'undefined' to the types of the target's properties.
  Types of property 'checked' are incompatible.
    Type 'CheckedState | undefined' is not assignable to type 'CheckedState'.
      Type 'undefined' is not assignable to type 'CheckedState'.
src/components/ui/drawer.tsx(4,43): error TS2307: Cannot find module 'vaul' or its corresponding type declarations.
src/components/ui/dropdown-menu.tsx(92,6): error TS2375: Type '{ children: (Element | ReactNode)[]; slot?: string | undefined; style?: CSSProperties | undefined; title?: string | undefined; asChild?: boolean; key?: Key | ... 1 more ... | undefined; ... 264 more ...; checked: CheckedState | undefined; }' is not assignable to type 'DropdownMenuCheckboxItemProps' with 'exactOptionalPropertyTypes: true'. Consider adding 'undefined' to the types of the target's properties.
  Types of property 'checked' are incompatible.
    Type 'CheckedState | undefined' is not assignable to type 'CheckedState'.
      Type 'undefined' is not assignable to type 'CheckedState'.
src/components/ui/menubar.tsx(121,6): error TS2375: Type '{ children: (Element | ReactNode)[]; slot?: string | undefined; style?: CSSProperties | undefined; title?: string | undefined; asChild?: boolean; key?: Key | ... 1 more ... | undefined; ... 264 more ...; checked: CheckedState | undefined; }' is not assignable to type 'MenubarCheckboxItemProps' with 'exactOptionalPropertyTypes: true'. Consider adding 'undefined' to the types of the target's properties.
  Types of property 'checked' are incompatible.
    Type 'CheckedState | undefined' is not assignable to type 'CheckedState'.
      Type 'undefined' is not assignable to type 'CheckedState'.
src/components/ui/sidebar.tsx(5,10): error TS1484: 'VariantProps' is a type and must be imported using a type-only import when 'verbatimModuleSyntax' is enabled.
src/components/ui/slider.tsx(27,6): error TS2375: Type '{ children: (Element | Element[])[]; name?: string; disabled?: boolean; orientation?: "horizontal" | "vertical" | undefined; dir?: Direction; step?: number; minStepsBetweenThumbs?: number; ... 271 more ...; className: string; }' is not assignable to type 'SliderProps' with 'exactOptionalPropertyTypes: true'. Consider adding 'undefined' to the types of the target's properties.
  Types of property 'value' are incompatible.
    Type 'number[] | undefined' is not assignable to type 'number[]'.
      Type 'undefined' is not assignable to type 'number[]'.
src/components/ui/sonner.tsx(4,29): error TS1484: 'ToasterProps' is a type and must be imported using a type-only import when 'verbatimModuleSyntax' is enabled.
src/components/ui/sonner.tsx(10,6): error TS2375: Type '{ id?: string; invert?: boolean; theme: "dark" | "light" | "system" | undefined; position?: Position; hotkey?: string[]; richColors?: boolean; expand?: boolean; duration?: number; gap?: number; ... 10 more ...; containerAriaLabel?: string; }' is not assignable to type 'ToasterProps' with 'exactOptionalPropertyTypes: true'. Consider adding 'undefined' to the types of the target's properties.
  Types of property 'theme' are incompatible.
    Type '"dark" | "light" | "system" | undefined' is not assignable to type '"dark" | "light" | "system"'.
      Type 'undefined' is not assignable to type '"dark" | "light" | "system"'.
src/supabase/functions/server/index.tsx(1,22): error TS2307: Cannot find module 'npm:hono' or its corresponding type declarations.
src/supabase/functions/server/index.tsx(2,22): error TS2307: Cannot find module 'npm:hono/cors' or its corresponding type declarations.
src/supabase/functions/server/index.tsx(3,24): error TS2307: Cannot find module 'npm:hono/logger' or its corresponding type declarations.
src/supabase/functions/server/index.tsx(4,21): error TS5097: An import path can only end with a '.tsx' extension when 'allowImportingTsExtensions' is enabled.
src/supabase/functions/server/index.tsx(28,50): error TS7006: Parameter 'c' implicitly has an 'any' type.
src/supabase/functions/server/index.tsx(86,53): error TS7006: Parameter 'c' implicitly has an 'any' type.
src/supabase/functions/server/index.tsx(151,50): error TS7006: Parameter 'c' implicitly has an 'any' type.
src/supabase/functions/server/index.tsx(176,53): error TS7006: Parameter 'c' implicitly has an 'any' type.
src/supabase/functions/server/index.tsx(201,42): error TS7006: Parameter 'c' implicitly has an 'any' type.
src/supabase/functions/server/index.tsx(210,1): error TS2304: Cannot find name 'Deno'.
src/supabase/functions/server/kv_store.tsx(13,30): error TS2307: Cannot find module 'jsr:@supabase/supabase-js@2.49.8' or its corresponding type declarations.
src/supabase/functions/server/kv_store.tsx(16,3): error TS2304: Cannot find name 'Deno'.
src/supabase/functions/server/kv_store.tsx(17,3): error TS2304: Cannot find name 'Deno'.
src/supabase/functions/server/kv_store.tsx(67,21): error TS7006: Parameter 'd' implicitly has an 'any' type.
src/supabase/functions/server/kv_store.tsx(86,21): error TS7006: Parameter 'd' implicitly has an 'any' type.
